mode: atomic
github.com/KOMKZ/go-yogan-domain-storage/config.go:26.30,54.2 1 5
github.com/KOMKZ/go-yogan-domain-storage/config.go:57.62,58.43 1 4
github.com/KOMKZ/go-yogan-domain-storage/config.go:58.43,60.3 1 3
github.com/KOMKZ/go-yogan-domain-storage/config.go:61.2,61.12 1 1
github.com/KOMKZ/go-yogan-domain-storage/local_driver.go:21.62,23.2 1 13
github.com/KOMKZ/go-yogan-domain-storage/local_driver.go:25.37,25.55 1 8
github.com/KOMKZ/go-yogan-domain-storage/local_driver.go:27.73,28.23 1 8
github.com/KOMKZ/go-yogan-domain-storage/local_driver.go:28.23,30.3 1 1
github.com/KOMKZ/go-yogan-domain-storage/local_driver.go:32.2,36.16 4 7
github.com/KOMKZ/go-yogan-domain-storage/local_driver.go:36.16,38.3 1 0
github.com/KOMKZ/go-yogan-domain-storage/local_driver.go:40.2,43.51 3 7
github.com/KOMKZ/go-yogan-domain-storage/local_driver.go:43.51,45.3 1 1
github.com/KOMKZ/go-yogan-domain-storage/local_driver.go:47.2,48.16 2 6
github.com/KOMKZ/go-yogan-domain-storage/local_driver.go:48.16,50.3 1 0
github.com/KOMKZ/go-yogan-domain-storage/local_driver.go:51.2,53.53 2 6
github.com/KOMKZ/go-yogan-domain-storage/local_driver.go:53.53,55.3 1 1
github.com/KOMKZ/go-yogan-domain-storage/local_driver.go:57.2,61.8 1 5
github.com/KOMKZ/go-yogan-domain-storage/local_driver.go:64.53,65.53 1 2
github.com/KOMKZ/go-yogan-domain-storage/local_driver.go:65.53,67.3 1 1
github.com/KOMKZ/go-yogan-domain-storage/local_driver.go:68.2,68.28 1 1
github.com/KOMKZ/go-yogan-domain-storage/local_driver.go:71.54,73.2 1 1
github.com/KOMKZ/go-yogan-domain-storage/local_driver.go:75.52,78.2 2 3
github.com/KOMKZ/go-yogan-domain-storage/local_driver.go:80.73,82.2 1 2
github.com/KOMKZ/go-yogan-domain-storage/local_driver.go:84.33,88.2 3 7
github.com/KOMKZ/go-yogan-domain-storage/oss_driver.go:38.55,39.102 1 4
github.com/KOMKZ/go-yogan-domain-storage/oss_driver.go:39.102,41.3 1 4
github.com/KOMKZ/go-yogan-domain-storage/oss_driver.go:43.2,44.16 2 0
github.com/KOMKZ/go-yogan-domain-storage/oss_driver.go:44.16,46.3 1 0
github.com/KOMKZ/go-yogan-domain-storage/oss_driver.go:48.2,49.16 2 0
github.com/KOMKZ/go-yogan-domain-storage/oss_driver.go:49.16,51.3 1 0
github.com/KOMKZ/go-yogan-domain-storage/oss_driver.go:53.2,59.8 1 0
github.com/KOMKZ/go-yogan-domain-storage/oss_driver.go:62.35,62.51 1 1
github.com/KOMKZ/go-yogan-domain-storage/oss_driver.go:64.71,65.23 1 1
github.com/KOMKZ/go-yogan-domain-storage/oss_driver.go:65.23,67.3 1 1
github.com/KOMKZ/go-yogan-domain-storage/oss_driver.go:69.2,73.16 4 0
github.com/KOMKZ/go-yogan-domain-storage/oss_driver.go:73.16,75.3 1 0
github.com/KOMKZ/go-yogan-domain-storage/oss_driver.go:77.2,79.66 2 0
github.com/KOMKZ/go-yogan-domain-storage/oss_driver.go:79.66,81.3 1 0
github.com/KOMKZ/go-yogan-domain-storage/oss_driver.go:83.2,90.8 2 0
github.com/KOMKZ/go-yogan-domain-storage/oss_driver.go:93.51,95.2 1 0
github.com/KOMKZ/go-yogan-domain-storage/oss_driver.go:97.52,98.21 1 2
github.com/KOMKZ/go-yogan-domain-storage/oss_driver.go:98.21,100.3 1 2
github.com/KOMKZ/go-yogan-domain-storage/oss_driver.go:101.2,105.3 1 0
github.com/KOMKZ/go-yogan-domain-storage/oss_driver.go:108.50,111.2 2 0
github.com/KOMKZ/go-yogan-domain-storage/oss_driver.go:113.71,115.2 1 0
github.com/KOMKZ/go-yogan-domain-storage/oss_driver.go:118.97,121.16 3 0
github.com/KOMKZ/go-yogan-domain-storage/oss_driver.go:121.16,123.3 1 0
github.com/KOMKZ/go-yogan-domain-storage/oss_driver.go:124.2,126.38 2 0
github.com/KOMKZ/go-yogan-domain-storage/oss_driver.go:126.38,128.3 1 0
github.com/KOMKZ/go-yogan-domain-storage/oss_driver.go:130.2,131.16 2 0
github.com/KOMKZ/go-yogan-domain-storage/oss_driver.go:131.16,133.3 1 0
github.com/KOMKZ/go-yogan-domain-storage/oss_driver.go:135.2,135.15 1 0
github.com/KOMKZ/go-yogan-domain-storage/oss_driver.go:135.15,137.3 1 0
github.com/KOMKZ/go-yogan-domain-storage/oss_driver.go:138.2,141.77 3 0
github.com/KOMKZ/go-yogan-domain-storage/oss_driver.go:141.77,143.3 1 0
github.com/KOMKZ/go-yogan-domain-storage/oss_driver.go:145.2,146.33 2 0
github.com/KOMKZ/go-yogan-domain-storage/oss_driver.go:150.100,152.16 2 0
github.com/KOMKZ/go-yogan-domain-storage/oss_driver.go:152.16,154.3 1 0
github.com/KOMKZ/go-yogan-domain-storage/oss_driver.go:156.2,156.15 1 0
github.com/KOMKZ/go-yogan-domain-storage/oss_driver.go:156.15,158.3 1 0
github.com/KOMKZ/go-yogan-domain-storage/oss_driver.go:159.2,162.77 3 0
github.com/KOMKZ/go-yogan-domain-storage/oss_driver.go:162.77,164.3 1 0
github.com/KOMKZ/go-yogan-domain-storage/oss_driver.go:166.2,167.33 2 0
github.com/KOMKZ/go-yogan-domain-storage/oss_driver.go:170.69,171.24 1 2
github.com/KOMKZ/go-yogan-domain-storage/oss_driver.go:171.24,173.3 1 1
github.com/KOMKZ/go-yogan-domain-storage/oss_driver.go:174.2,174.48 1 1
github.com/KOMKZ/go-yogan-domain-storage/oss_driver.go:177.36,181.2 3 2
github.com/KOMKZ/go-yogan-domain-storage/storage_id.go:18.39,19.21 1 2
github.com/KOMKZ/go-yogan-domain-storage/storage_id.go:19.21,21.3 1 1
github.com/KOMKZ/go-yogan-domain-storage/storage_id.go:22.2,22.37 1 1
github.com/KOMKZ/go-yogan-domain-storage/storage_id.go:26.59,27.21 1 9
github.com/KOMKZ/go-yogan-domain-storage/storage_id.go:27.21,29.3 1 1
github.com/KOMKZ/go-yogan-domain-storage/storage_id.go:31.2,34.20 3 8
github.com/KOMKZ/go-yogan-domain-storage/storage_id.go:34.20,36.3 1 1
github.com/KOMKZ/go-yogan-domain-storage/storage_id.go:37.2,41.17 4 7
github.com/KOMKZ/go-yogan-domain-storage/storage_id.go:41.17,43.3 1 1
github.com/KOMKZ/go-yogan-domain-storage/storage_id.go:45.2,46.26 2 6
github.com/KOMKZ/go-yogan-domain-storage/storage_id.go:46.26,48.3 1 1
github.com/KOMKZ/go-yogan-domain-storage/storage_id.go:50.2,51.27 2 5
github.com/KOMKZ/go-yogan-domain-storage/storage_id.go:51.27,53.3 1 1
github.com/KOMKZ/go-yogan-domain-storage/storage_id.go:55.2,55.20 1 4
github.com/KOMKZ/go-yogan-domain-storage/storage_id.go:59.71,60.18 1 12
github.com/KOMKZ/go-yogan-domain-storage/storage_id.go:60.18,62.3 1 1
github.com/KOMKZ/go-yogan-domain-storage/storage_id.go:63.2,63.19 1 11
github.com/KOMKZ/go-yogan-domain-storage/storage_id.go:63.19,65.3 1 1
github.com/KOMKZ/go-yogan-domain-storage/storage_id.go:66.2,66.20 1 10
github.com/KOMKZ/go-yogan-domain-storage/storage_id.go:66.20,68.3 1 1
github.com/KOMKZ/go-yogan-domain-storage/storage_id.go:69.2,69.64 1 9
github.com/KOMKZ/go-yogan-domain-storage/model/file_metadata.go:24.40,24.66 1 1
github.com/KOMKZ/go-yogan-domain-storage/model/file_metadata.go:26.41,26.73 1 2
github.com/KOMKZ/go-yogan-domain-storage/model/file_metadata.go:27.41,27.73 1 2
github.com/KOMKZ/go-yogan-domain-storage/service/storage_service.go:28.148,30.2 1 37
github.com/KOMKZ/go-yogan-domain-storage/service/storage_service.go:55.93,57.24 2 16
github.com/KOMKZ/go-yogan-domain-storage/service/storage_service.go:57.24,59.3 1 1
github.com/KOMKZ/go-yogan-domain-storage/service/storage_service.go:61.2,62.31 2 15
github.com/KOMKZ/go-yogan-domain-storage/service/storage_service.go:62.31,64.3 1 1
github.com/KOMKZ/go-yogan-domain-storage/service/storage_service.go:66.2,67.83 2 14
github.com/KOMKZ/go-yogan-domain-storage/service/storage_service.go:67.83,69.3 1 1
github.com/KOMKZ/go-yogan-domain-storage/service/storage_service.go:71.2,81.16 2 13
github.com/KOMKZ/go-yogan-domain-storage/service/storage_service.go:81.16,84.3 2 1
github.com/KOMKZ/go-yogan-domain-storage/service/storage_service.go:86.2,105.53 3 12
github.com/KOMKZ/go-yogan-domain-storage/service/storage_service.go:105.53,109.3 3 1
github.com/KOMKZ/go-yogan-domain-storage/service/storage_service.go:111.2,122.8 2 11
github.com/KOMKZ/go-yogan-domain-storage/service/storage_service.go:126.69,128.16 2 5
github.com/KOMKZ/go-yogan-domain-storage/service/storage_service.go:128.16,130.3 1 1
github.com/KOMKZ/go-yogan-domain-storage/service/storage_service.go:131.2,131.17 1 4
github.com/KOMKZ/go-yogan-domain-storage/service/storage_service.go:131.17,133.3 1 1
github.com/KOMKZ/go-yogan-domain-storage/service/storage_service.go:135.2,135.55 1 3
github.com/KOMKZ/go-yogan-domain-storage/service/storage_service.go:135.55,138.3 1 1
github.com/KOMKZ/go-yogan-domain-storage/service/storage_service.go:140.2,140.51 1 3
github.com/KOMKZ/go-yogan-domain-storage/service/storage_service.go:140.51,142.3 1 1
github.com/KOMKZ/go-yogan-domain-storage/service/storage_service.go:144.2,145.12 2 2
github.com/KOMKZ/go-yogan-domain-storage/service/storage_service.go:149.89,151.16 2 5
github.com/KOMKZ/go-yogan-domain-storage/service/storage_service.go:151.16,153.3 1 1
github.com/KOMKZ/go-yogan-domain-storage/service/storage_service.go:154.2,154.17 1 4
github.com/KOMKZ/go-yogan-domain-storage/service/storage_service.go:154.17,156.3 1 1
github.com/KOMKZ/go-yogan-domain-storage/service/storage_service.go:158.2,158.55 1 3
github.com/KOMKZ/go-yogan-domain-storage/service/storage_service.go:158.55,161.3 1 1
github.com/KOMKZ/go-yogan-domain-storage/service/storage_service.go:163.2,163.65 1 3
github.com/KOMKZ/go-yogan-domain-storage/service/storage_service.go:163.65,165.3 1 1
github.com/KOMKZ/go-yogan-domain-storage/service/storage_service.go:167.2,168.12 2 2
github.com/KOMKZ/go-yogan-domain-storage/service/storage_service.go:172.97,174.16 2 3
github.com/KOMKZ/go-yogan-domain-storage/service/storage_service.go:174.16,176.3 1 1
github.com/KOMKZ/go-yogan-domain-storage/service/storage_service.go:177.2,177.17 1 2
github.com/KOMKZ/go-yogan-domain-storage/service/storage_service.go:177.17,179.3 1 1
github.com/KOMKZ/go-yogan-domain-storage/service/storage_service.go:180.2,180.18 1 1
github.com/KOMKZ/go-yogan-domain-storage/service/storage_service.go:184.117,186.16 2 3
github.com/KOMKZ/go-yogan-domain-storage/service/storage_service.go:186.16,188.3 1 1
github.com/KOMKZ/go-yogan-domain-storage/service/storage_service.go:189.2,189.17 1 2
github.com/KOMKZ/go-yogan-domain-storage/service/storage_service.go:189.17,191.3 1 1
github.com/KOMKZ/go-yogan-domain-storage/service/storage_service.go:192.2,192.18 1 1
github.com/KOMKZ/go-yogan-domain-storage/service/storage_service.go:196.119,198.16 2 4
github.com/KOMKZ/go-yogan-domain-storage/service/storage_service.go:198.16,200.3 1 1
github.com/KOMKZ/go-yogan-domain-storage/service/storage_service.go:201.2,201.17 1 3
github.com/KOMKZ/go-yogan-domain-storage/service/storage_service.go:201.17,203.3 1 1
github.com/KOMKZ/go-yogan-domain-storage/service/storage_service.go:205.2,206.16 2 2
github.com/KOMKZ/go-yogan-domain-storage/service/storage_service.go:206.16,208.3 1 1
github.com/KOMKZ/go-yogan-domain-storage/service/storage_service.go:210.2,210.26 1 1
github.com/KOMKZ/go-yogan-domain-storage/service/storage_service.go:214.112,216.16 2 4
github.com/KOMKZ/go-yogan-domain-storage/service/storage_service.go:216.16,218.3 1 1
github.com/KOMKZ/go-yogan-domain-storage/service/storage_service.go:220.2,221.24 2 3
github.com/KOMKZ/go-yogan-domain-storage/service/storage_service.go:221.24,223.3 1 1
github.com/KOMKZ/go-yogan-domain-storage/service/storage_service.go:225.2,226.32 2 2
github.com/KOMKZ/go-yogan-domain-storage/service/storage_service.go:226.32,228.3 1 2
github.com/KOMKZ/go-yogan-domain-storage/service/storage_service.go:228.8,230.3 1 0
github.com/KOMKZ/go-yogan-domain-storage/service/storage_service.go:232.2,233.16 2 2
github.com/KOMKZ/go-yogan-domain-storage/service/storage_service.go:233.16,235.3 1 1
github.com/KOMKZ/go-yogan-domain-storage/service/storage_service.go:237.2,240.33 3 1
github.com/KOMKZ/go-yogan-domain-storage/service/storage_service.go:244.69,246.2 1 13
github.com/KOMKZ/go-yogan-domain-storage/service/storage_service.go:249.107,251.9 2 3
github.com/KOMKZ/go-yogan-domain-storage/service/storage_service.go:251.9,253.3 1 1
github.com/KOMKZ/go-yogan-domain-storage/service/storage_service.go:255.2,256.16 2 2
github.com/KOMKZ/go-yogan-domain-storage/service/storage_service.go:256.16,260.3 2 1
github.com/KOMKZ/go-yogan-domain-storage/service/storage_service.go:262.2,266.26 2 1
github.com/KOMKZ/go-yogan-domain-storage/service/storage_service.go:270.110,272.9 2 3
github.com/KOMKZ/go-yogan-domain-storage/service/storage_service.go:272.9,274.3 1 1
github.com/KOMKZ/go-yogan-domain-storage/service/storage_service.go:276.2,277.16 2 2
github.com/KOMKZ/go-yogan-domain-storage/service/storage_service.go:277.16,280.3 2 1
github.com/KOMKZ/go-yogan-domain-storage/service/storage_service.go:282.2,285.26 2 1
github.com/KOMKZ/go-yogan-domain-storage/service/storage_service.go:288.49,289.26 1 17
github.com/KOMKZ/go-yogan-domain-storage/service/storage_service.go:289.26,290.16 1 18
github.com/KOMKZ/go-yogan-domain-storage/service/storage_service.go:290.16,292.4 1 14
github.com/KOMKZ/go-yogan-domain-storage/service/storage_service.go:294.2,294.14 1 3
github.com/KOMKZ/go-yogan-domain-storage/service/storage_service.go:297.40,312.47 2 7
github.com/KOMKZ/go-yogan-domain-storage/service/storage_service.go:312.47,314.3 1 6
github.com/KOMKZ/go-yogan-domain-storage/service/storage_service.go:315.2,315.35 1 1
github.com/KOMKZ/go-yogan-domain-storage/provider/do/storage_service_provider.go:13.82,20.2 5 0
