mode: atomic
github.com/KOMKZ/go-yogan-domain-storage/service/storage_service.go:28.148,30.2 1 37
github.com/KOMKZ/go-yogan-domain-storage/service/storage_service.go:55.93,57.24 2 16
github.com/KOMKZ/go-yogan-domain-storage/service/storage_service.go:57.24,59.3 1 1
github.com/KOMKZ/go-yogan-domain-storage/service/storage_service.go:61.2,62.31 2 15
github.com/KOMKZ/go-yogan-domain-storage/service/storage_service.go:62.31,64.3 1 1
github.com/KOMKZ/go-yogan-domain-storage/service/storage_service.go:66.2,67.83 2 14
github.com/KOMKZ/go-yogan-domain-storage/service/storage_service.go:67.83,69.3 1 1
github.com/KOMKZ/go-yogan-domain-storage/service/storage_service.go:71.2,81.16 2 13
github.com/KOMKZ/go-yogan-domain-storage/service/storage_service.go:81.16,84.3 2 1
github.com/KOMKZ/go-yogan-domain-storage/service/storage_service.go:86.2,105.53 3 12
github.com/KOMKZ/go-yogan-domain-storage/service/storage_service.go:105.53,109.3 3 1
github.com/KOMKZ/go-yogan-domain-storage/service/storage_service.go:111.2,122.8 2 11
github.com/KOMKZ/go-yogan-domain-storage/service/storage_service.go:126.69,128.16 2 5
github.com/KOMKZ/go-yogan-domain-storage/service/storage_service.go:128.16,130.3 1 1
github.com/KOMKZ/go-yogan-domain-storage/service/storage_service.go:131.2,131.17 1 4
github.com/KOMKZ/go-yogan-domain-storage/service/storage_service.go:131.17,133.3 1 1
github.com/KOMKZ/go-yogan-domain-storage/service/storage_service.go:135.2,135.55 1 3
github.com/KOMKZ/go-yogan-domain-storage/service/storage_service.go:135.55,138.3 1 1
github.com/KOMKZ/go-yogan-domain-storage/service/storage_service.go:140.2,140.51 1 3
github.com/KOMKZ/go-yogan-domain-storage/service/storage_service.go:140.51,142.3 1 1
github.com/KOMKZ/go-yogan-domain-storage/service/storage_service.go:144.2,145.12 2 2
github.com/KOMKZ/go-yogan-domain-storage/service/storage_service.go:149.89,151.16 2 5
github.com/KOMKZ/go-yogan-domain-storage/service/storage_service.go:151.16,153.3 1 1
github.com/KOMKZ/go-yogan-domain-storage/service/storage_service.go:154.2,154.17 1 4
github.com/KOMKZ/go-yogan-domain-storage/service/storage_service.go:154.17,156.3 1 1
github.com/KOMKZ/go-yogan-domain-storage/service/storage_service.go:158.2,158.55 1 3
github.com/KOMKZ/go-yogan-domain-storage/service/storage_service.go:158.55,161.3 1 1
github.com/KOMKZ/go-yogan-domain-storage/service/storage_service.go:163.2,163.65 1 3
github.com/KOMKZ/go-yogan-domain-storage/service/storage_service.go:163.65,165.3 1 1
github.com/KOMKZ/go-yogan-domain-storage/service/storage_service.go:167.2,168.12 2 2
github.com/KOMKZ/go-yogan-domain-storage/service/storage_service.go:172.97,174.16 2 3
github.com/KOMKZ/go-yogan-domain-storage/service/storage_service.go:174.16,176.3 1 1
github.com/KOMKZ/go-yogan-domain-storage/service/storage_service.go:177.2,177.17 1 2
github.com/KOMKZ/go-yogan-domain-storage/service/storage_service.go:177.17,179.3 1 1
github.com/KOMKZ/go-yogan-domain-storage/service/storage_service.go:180.2,180.18 1 1
github.com/KOMKZ/go-yogan-domain-storage/service/storage_service.go:184.117,186.16 2 3
github.com/KOMKZ/go-yogan-domain-storage/service/storage_service.go:186.16,188.3 1 1
github.com/KOMKZ/go-yogan-domain-storage/service/storage_service.go:189.2,189.17 1 2
github.com/KOMKZ/go-yogan-domain-storage/service/storage_service.go:189.17,191.3 1 1
github.com/KOMKZ/go-yogan-domain-storage/service/storage_service.go:192.2,192.18 1 1
github.com/KOMKZ/go-yogan-domain-storage/service/storage_service.go:196.119,198.16 2 4
github.com/KOMKZ/go-yogan-domain-storage/service/storage_service.go:198.16,200.3 1 1
github.com/KOMKZ/go-yogan-domain-storage/service/storage_service.go:201.2,201.17 1 3
github.com/KOMKZ/go-yogan-domain-storage/service/storage_service.go:201.17,203.3 1 1
github.com/KOMKZ/go-yogan-domain-storage/service/storage_service.go:205.2,206.16 2 2
github.com/KOMKZ/go-yogan-domain-storage/service/storage_service.go:206.16,208.3 1 1
github.com/KOMKZ/go-yogan-domain-storage/service/storage_service.go:210.2,210.26 1 1
github.com/KOMKZ/go-yogan-domain-storage/service/storage_service.go:214.112,216.16 2 4
github.com/KOMKZ/go-yogan-domain-storage/service/storage_service.go:216.16,218.3 1 1
github.com/KOMKZ/go-yogan-domain-storage/service/storage_service.go:220.2,221.24 2 3
github.com/KOMKZ/go-yogan-domain-storage/service/storage_service.go:221.24,223.3 1 1
github.com/KOMKZ/go-yogan-domain-storage/service/storage_service.go:225.2,226.32 2 2
github.com/KOMKZ/go-yogan-domain-storage/service/storage_service.go:226.32,228.3 1 2
github.com/KOMKZ/go-yogan-domain-storage/service/storage_service.go:228.8,230.3 1 0
github.com/KOMKZ/go-yogan-domain-storage/service/storage_service.go:232.2,233.16 2 2
github.com/KOMKZ/go-yogan-domain-storage/service/storage_service.go:233.16,235.3 1 1
github.com/KOMKZ/go-yogan-domain-storage/service/storage_service.go:237.2,240.33 3 1
github.com/KOMKZ/go-yogan-domain-storage/service/storage_service.go:244.69,246.2 1 13
github.com/KOMKZ/go-yogan-domain-storage/service/storage_service.go:249.107,251.9 2 3
github.com/KOMKZ/go-yogan-domain-storage/service/storage_service.go:251.9,253.3 1 1
github.com/KOMKZ/go-yogan-domain-storage/service/storage_service.go:255.2,256.16 2 2
github.com/KOMKZ/go-yogan-domain-storage/service/storage_service.go:256.16,260.3 2 1
github.com/KOMKZ/go-yogan-domain-storage/service/storage_service.go:262.2,266.26 2 1
github.com/KOMKZ/go-yogan-domain-storage/service/storage_service.go:270.110,272.9 2 3
github.com/KOMKZ/go-yogan-domain-storage/service/storage_service.go:272.9,274.3 1 1
github.com/KOMKZ/go-yogan-domain-storage/service/storage_service.go:276.2,277.16 2 2
github.com/KOMKZ/go-yogan-domain-storage/service/storage_service.go:277.16,280.3 2 1
github.com/KOMKZ/go-yogan-domain-storage/service/storage_service.go:282.2,285.26 2 1
github.com/KOMKZ/go-yogan-domain-storage/service/storage_service.go:288.49,289.26 1 17
github.com/KOMKZ/go-yogan-domain-storage/service/storage_service.go:289.26,290.16 1 18
github.com/KOMKZ/go-yogan-domain-storage/service/storage_service.go:290.16,292.4 1 14
github.com/KOMKZ/go-yogan-domain-storage/service/storage_service.go:294.2,294.14 1 3
github.com/KOMKZ/go-yogan-domain-storage/service/storage_service.go:297.40,312.47 2 7
github.com/KOMKZ/go-yogan-domain-storage/service/storage_service.go:312.47,314.3 1 6
github.com/KOMKZ/go-yogan-domain-storage/service/storage_service.go:315.2,315.35 1 1
